
MA@DESKTOP-01AS13L MINGW64 ~
$ git config --global user.name "malei"

MA@DESKTOP-01AS13L MINGW64 ~
$ git config --global user.email 826908021@qq.com

MA@DESKTOP-01AS13L MINGW64 ~
$ git config --list
core.symlinks=false
core.autocrlf=true
core.fscache=true
color.diff=auto
color.status=auto
color.branch=auto
color.interactive=true
help.format=html
rebase.autosquash=true
http.sslcainfo=D:/programfiles/Git/mingw64/ssl/certs/ca-bundle.crt
http.sslbackend=openssl
diff.astextplain.textconv=astextplain
filter.lfs.clean=git-lfs clean -- %f
filter.lfs.smudge=git-lfs smudge -- %f
filter.lfs.process=git-lfs filter-process
filter.lfs.required=true
credential.helper=manager
user.name=malei
user.email=826908021@qq.com

MA@DESKTOP-01AS13L MINGW64 ~
$ cd d:

MA@DESKTOP-01AS13L MINGW64 /d
$ cd python/example

MA@DESKTOP-01AS13L MINGW64 /d/python/example
$ ls
document/  learngit/  newcode.txt  python2/  web/
Internet/  MySQL/     oop/         senior/

MA@DESKTOP-01AS13L MINGW64 /d/python/example
$ git init
Initialized empty Git repository in D:/python/example/.git/

MA@DESKTOP-01AS13L MINGW64 /d/python/example (master)
$ git add .

MA@DESKTOP-01AS13L MINGW64 /d/python/example (master)
$ git commit -m
error: switch `m' requires a value
usage: git commit [<options>] [--] <pathspec>...

    -q, --quiet           suppress summary after successful commit
    -v, --verbose         show diff in commit message template

Commit message options
    -F, --file <file>     read message from file
    --author <author>     override author for commit
    --date <date>         override date for commit
    -m, --message <message>
                          commit message
    -c, --reedit-message <commit>
                          reuse and edit message from specified commit
    -C, --reuse-message <commit>
                          reuse message from specified commit
    --fixup <commit>      use autosquash formatted message to fixup specified commit
    --squash <commit>     use autosquash formatted message to squash specified commit
    --reset-author        the commit is authored by me now (used with -C/-c/--amend)
    -s, --signoff         add Signed-off-by:
    -t, --template <file>
                          use specified template file
    -e, --edit            force edit of commit
    --cleanup <default>   how to strip spaces and #comments from message
    --status              include status in commit message template
    -S, --gpg-sign[=<key-id>]
                          GPG sign commit

Commit contents options
    -a, --all             commit all changed files
    -i, --include         add specified files to index for commit
    --interactive         interactively add files
    -p, --patch           interactively add changes
    -o, --only            commit only specified files
    -n, --no-verify       bypass pre-commit and commit-msg hooks
    --dry-run             show what would be committed
    --short               show status concisely
    --branch              show branch information
    --porcelain           machine-readable output
    --long                show status in long format (default)
    -z, --null            terminate entries with NUL
    --amend               amend previous commit
    --no-post-rewrite     bypass post-rewrite hook
    -u, --untracked-files[=<mode>]
                          show untracked files, optional modes: all, normal, no. (Default: all)


MA@DESKTOP-01AS13L MINGW64 /d/python/example (master)
$ ssh-keygen -t rsa -C "826908021@qq.com"
Generating public/private rsa key pair.
Enter file in which to save the key (/c/Users/MA/.ssh/id_rsa):
Created directory '/c/Users/MA/.ssh'.
Enter passphrase (empty for no passphrase):
Enter same passphrase again:
Your identification has been saved in /c/Users/MA/.ssh/id_rsa.
Your public key has been saved in /c/Users/MA/.ssh/id_rsa.pub.
The key fingerprint is:
SHA256:teYYiTM/xwy+ePbujQ1hdNEgOOoqyYhiENXjQyQMuIQ 826908021@qq.com
The key's randomart image is:
+---[RSA 2048]----+
|+o.o.    .. oo   |
|E.o.+   o  . ..  |
|.o o . . .o .    |
|o   o .. + o     |
| .   o+ S =      |
|.     .= X .     |
|oo . .  = *      |
|+.+ .  .o+ =     |
|o  .  .o.+= o    |
+----[SHA256]-----+

MA@DESKTOP-01AS13L MINGW64 /d/python/example (master)
$ git commit -m "test2"
[master (root-commit) 205cbcf] test2
 20 files changed, 1268 insertions(+)
 create mode 100644 Internet/111.py
 create mode 100644 Internet/__init__.py
 create mode 100644 Internet/tcpcli.py
 create mode 100644 Internet/tcpser.py
 create mode 100644 Internet/tcpsercode.py
 create mode 100644 Internet/thread_tcpser.py
 create mode 100644 MySQL/__init__.py
 create mode 100644 document/__init__.py
 create mode 100644 document/test.txt
 create mode 100644 newcode.txt
 create mode 100644 oop/__init__.py
 create mode 100644 python2/python2.py
 create mode 100644 python2/python3.py
 create mode 100644 python2/python4.py
 create mode 100644 senior/oop_senior.py
 create mode 100644 web/templates/form.html
 create mode 100644 web/templates/home.html
 create mode 100644 web/templates/signinok.html
 create mode 100644 web/webser_WSGI.py
 create mode 100644 web/webser_frame.py

MA@DESKTOP-01AS13L MINGW64 /d/python/example (master)
$ git status
On branch master
nothing to commit, working tree clean

MA@DESKTOP-01AS13L MINGW64 /d/python/example (master)
$ git remote add origin git@github.com:MaLei666/learngit.git

MA@DESKTOP-01AS13L MINGW64 /d/python/example (master)
$ git push -u origin master
The authenticity of host 'github.com (13.250.177.223)' can't be established.
RSA key fingerprint is SHA256:nThbg6kXUpJWGl7E1IGOCspRomTxdCARLviKw6E5SY8.
Are you sure you want to continue connecting (yes/no)? yes
Warning: Permanently added 'github.com,13.250.177.223' (RSA) to the list of known hosts.
To github.com:MaLei666/learngit.git
 ! [rejected]        master -> master (fetch first)
error: failed to push some refs to 'git@github.com:MaLei666/learngit.git'
hint: Updates were rejected because the remote contains work that you do
hint: not have locally. This is usually caused by another repository pushing
hint: to the same ref. You may want to first integrate the remote changes
hint: (e.g., 'git pull ...') before pushing again.
hint: See the 'Note about fast-forwards' in 'git push --help' for details.

MA@DESKTOP-01AS13L MINGW64 /d/python/example (master)
$ git pull
Warning: Permanently added the RSA host key for IP address '52.74.223.119' to the list of known hosts.
warning: no common commits
remote: Counting objects: 62, done.
remote: Compressing objects: 100% (41/41), done.
remote: Total 62 (delta 11), reused 59 (delta 9), pack-reused 0
Unpacking objects: 100% (62/62), done.
From github.com:MaLei666/learngit
 * [new branch]      master     -> origin/master
There is no tracking information for the current branch.
Please specify which branch you want to merge with.
See git-pull(1) for details.

    git pull <remote> <branch>

If you wish to set tracking information for this branch you can do so with:

    git branch --set-upstream-to=origin/<branch> master


MA@DESKTOP-01AS13L MINGW64 /d/python/example (master)
$ git push -u origin master
To github.com:MaLei666/learngit.git
 ! [rejected]        master -> master (non-fast-forward)
error: failed to push some refs to 'git@github.com:MaLei666/learngit.git'
hint: Updates were rejected because the tip of your current branch is behind
hint: its remote counterpart. Integrate the remote changes (e.g.
hint: 'git pull ...') before pushing again.
hint: See the 'Note about fast-forwards' in 'git push --help' for details.

MA@DESKTOP-01AS13L MINGW64 /d/python/example (master)
$ git state
git: 'state' is not a git command. See 'git --help'.

The most similar command is
        stage

MA@DESKTOP-01AS13L MINGW64 /d/python/example (master)
$ git status
On branch master
Untracked files:
  (use "git add <file>..." to include in what will be committed)

        .idea/

nothing added to commit but untracked files present (use "git add" to track)

MA@DESKTOP-01AS13L MINGW64 /d/python/example (master)
$ ^C

MA@DESKTOP-01AS13L MINGW64 /d/python/example (master)
$ git add .idea/

MA@DESKTOP-01AS13L MINGW64 /d/python/example (master)
$ git commit -m "test2"
[master 0c406b2] test2
 1 file changed, 699 insertions(+)
 create mode 100644 .idea/workspace.xml

MA@DESKTOP-01AS13L MINGW64 /d/python/example (master)
$ git pull
There is no tracking information for the current branch.
Please specify which branch you want to merge with.
See git-pull(1) for details.

    git pull <remote> <branch>

If you wish to set tracking information for this branch you can do so with:

    git branch --set-upstream-to=origin/<branch> master


MA@DESKTOP-01AS13L MINGW64 /d/python/example (master)
$ git branch --set-upstream-to=origin/master master
Branch 'master' set up to track remote branch 'master' from 'origin'.

MA@DESKTOP-01AS13L MINGW64 /d/python/example (master)
$ git pull
fatal: refusing to merge unrelated histories

MA@DESKTOP-01AS13L MINGW64 /d/python/example (master)
$ git pull origin master --allow-unrelated-histories
From github.com:MaLei666/learngit
 * branch            master     -> FETCH_HEAD
Auto-merging web/webser_frame.py
CONFLICT (add/add): Merge conflict in web/webser_frame.py
Auto-merging .idea/workspace.xml
CONFLICT (add/add): Merge conflict in .idea/workspace.xml
Automatic merge failed; fix conflicts and then commit the result.

MA@DESKTOP-01AS13L MINGW64 /d/python/example (master|MERGING)
$ git pull
error: Pulling is not possible because you have unmerged files.
hint: Fix them up in the work tree, and then use 'git add/rm <file>'
hint: as appropriate to mark resolution and make a commit.
fatal: Exiting because of an unresolved conflict.

MA@DESKTOP-01AS13L MINGW64 /d/python/example (master|MERGING)
$ git status
On branch master
Your branch and 'origin/master' have diverged,
and have 2 and 9 different commits each, respectively.
  (use "git pull" to merge the remote branch into yours)

You have unmerged paths.
  (fix conflicts and run "git commit")
  (use "git merge --abort" to abort the merge)

Changes to be committed:

        new file:   .idea/example.iml
        new file:   .idea/libraries/R_User_Library.xml
        new file:   .idea/misc.xml
        new file:   .idea/modules.xml
        new file:   .idea/vcs.xml
        new file:   learngit

Unmerged paths:
  (use "git add <file>..." to mark resolution)

        both added:      .idea/workspace.xml
        both added:      web/webser_frame.py


MA@DESKTOP-01AS13L MINGW64 /d/python/example (master|MERGING)
$ git add.
git: 'add.' is not a git command. See 'git --help'.

The most similar command is
        add

MA@DESKTOP-01AS13L MINGW64 /d/python/example (master|MERGING)
$ git add .

MA@DESKTOP-01AS13L MINGW64 /d/python/example (master|MERGING)
$ git commit -m "test2"
[master e8fa7f8] test2

MA@DESKTOP-01AS13L MINGW64 /d/python/example (master)
$ git commit -m "test3"
On branch master
Your branch is ahead of 'origin/master' by 3 commits.
  (use "git push" to publish your local commits)

nothing to commit, working tree clean

MA@DESKTOP-01AS13L MINGW64 /d/python/example (master)
$ git push
Warning: Permanently added the RSA host key for IP address '13.229.188.59' to the list of known hosts.
Counting objects: 14, done.
Delta compression using up to 4 threads.
Compressing objects: 100% (13/13), done.
Writing objects: 100% (14/14), 1.44 KiB | 490.00 KiB/s, done.
Total 14 (delta 10), reused 0 (delta 0)
remote: Resolving deltas: 100% (10/10), completed with 5 local objects.
To github.com:MaLei666/learngit.git
   7bdc3e4..e8fa7f8  master -> master

MA@DESKTOP-01AS13L MINGW64 /d/python/example (master)
$ git pull
Already up to date.

MA@DESKTOP-01AS13L MINGW64 /d/python/example (master)
$ git status
On branch master
Your branch is up to date with 'origin/master'.

Changes not staged for commit:
  (use "git add <file>..." to update what will be committed)
  (use "git checkout -- <file>..." to discard changes in working directory)

        modified:   web/webser_frame.py

no changes added to commit (use "git add" and/or "git commit -a")

MA@DESKTOP-01AS13L MINGW64 /d/python/example (master)
$ git add.
git: 'add.' is not a git command. See 'git --help'.

The most similar command is
        add

MA@DESKTOP-01AS13L MINGW64 /d/python/example (master)
$ git add .

MA@DESKTOP-01AS13L MINGW64 /d/python/example (master)
$ git commit -m "test4"
[master 3f631a4] test4
 1 file changed, 1 insertion(+), 5 deletions(-)

MA@DESKTOP-01AS13L MINGW64 /d/python/example (master)
$ git push
Counting objects: 4, done.
Delta compression using up to 4 threads.
Compressing objects: 100% (4/4), done.
Writing objects: 100% (4/4), 323 bytes | 323.00 KiB/s, done.
Total 4 (delta 3), reused 0 (delta 0)
remote: Resolving deltas: 100% (3/3), completed with 3 local objects.
To github.com:MaLei666/learngit.git
   e8fa7f8..3f631a4  master -> master

MA@DESKTOP-01AS13L MINGW64 /d/python/example (master)
$ git status
On branch master
Your branch is up to date with 'origin/master'.

nothing to commit, working tree clean

MA@DESKTOP-01AS13L MINGW64 /d/python/example (master)
$ git status
On branch master
Your branch is ahead of 'origin/master' by 1 commit.
  (use "git push" to publish your local commits)

nothing to commit, working tree clean

MA@DESKTOP-01AS13L MINGW64 /d/python/example (master)
$ git status
On branch master
Your branch is up to date with 'origin/master'.

nothing to commit, working tree clean

MA@DESKTOP-01AS13L MINGW64 /d/python/example (master)
$
